// Jest Snapshot v1, https://goo.gl/fbAQLP

exports[`Header renders correctly 1`] = `
<div>
  <h1>
    This is a header.
  </h1>
  <Link
    to="/contact/"
  >
    Contact  /
  </Link>
  <Link
    to="/about/"
  >
    About  /
  </Link>
  <Link
    to="/"
  >
      Home
  </Link>
  <hr />
</div>
`;
